Agent: communication
Response: MG Road par pothole ke baare mein aapki shikayat sunne ke liye dhanyavaad. Kya aap apna naam bata sakte hain, ya aap anonymous rehna chahenge?
